// Jest Snapshot v1, https://goo.gl/fbAQLP

exports[`Field can be rendered as a field group 1`] = `"<label for="id_person-name">Name</label><div class="helptext" id="id_person-name_helptext">Enter your name</div><input type="text" name="person-name" id="id_person-name" class="form-control" aria-describedby="id_person-name_helptext">"`;

exports[`Form can be rendered 1`] = `"<div><label for="id_person-name">Name</label><div class="helptext" id="id_person-name_helptext">Enter your name</div><input type="text" name="person-name" id="id_person-name" aria-describedby="id_person-name_helptext"></div><div><label for="id_person-email">Email</label><div class="helptext" id="id_person-email_helptext">Enter your email</div><input type="text" name="person-email" id="id_person-email" aria-describedby="id_person-email_helptext"></div>"`;
